// Jest Snapshot v1, https://goo.gl/fbAQLP

exports[`Spacer tests matches snapshot 1`] = `
<div
  class="root"
  data-testid="spacer"
  style="height: 50px;"
/>
`;
